uses:
  assert:
    js: assert
  path:
    js: @dogmalang/path
